buggy:
  - korean becomes gibberish
  - japanese error in parsing beautiful soup

출 39
신 14
수 14
수 15
왕상 4
왕상 10
왕하 4
대상 3
대상 7
ネヘ 7
느 10
욥 37
시 38
시 43
시 48
시 50
시 87
시 93
시 100
시 123
시 125
시 131
시 133
시 134
전 1
전 4
전 9
雅 7
사 4
렘 40
렘 45
겔 15
겔 17
겔 32
겔 34
겔 47
호 10
미 4
슥 4
말 3
마 11
마 15
マタイ 17
マタイ 18
マタイ 23
マタイ 24
マルコ 7
マルコ 9
マルコ 11
マルコ 15
눅 2
ルカ 17
ルカ 23
ヨハネ 5
使徒 8
使徒 15
使徒 19
使徒 24
使徒 28
ロマ 16
고전 11
고후 3
갈 2
갈 5
갈 6
딤전 1
딤전 5
딤후 2
딤후 4
벧전 1
계 6
